<html>
<body>
<pre>
<h1>µVision Build Log</h1>
<h2>Tool Versions:</h2>
IDE-Version: ¦ÌVision V5.38.0.0
Copyright (C) 2022 ARM Ltd and ARM Germany GmbH. All rights reserved.
License Information: 1 1, 1, LIC=65ISZ-JB130-X7URZ-JKJ2R-PK1DN-SLBAN
 
Tool Versions:
Toolchain:       MDK-ARM Plus  Version: 5.37.0.0
Toolchain Path:  D:\Keil_v5\ARM\ARMCC\Bin
C Compiler:      Armcc.exe V5.06 update 6 (build 750)
Assembler:       Armasm.exe V5.06 update 6 (build 750)
Linker/Locator:  ArmLink.exe V5.06 update 6 (build 750)
Library Manager: ArmAr.exe V5.06 update 6 (build 750)
Hex Converter:   FromElf.exe V5.06 update 6 (build 750)
CPU DLL:         SARMCM3.DLL V5.37.0.0
Dialog DLL:      DCM.DLL V1.17.5.0
Target DLL:      STLink\ST-LINKIII-KEIL_SWO.dll V3.0.9.0
Dialog DLL:      TCM.DLL V1.56.1.0
 
<h2>Project:</h2>
E:\Desktop\Super-AI-aircraft-controller\apps\MainControlBoard\MDK-ARM\MainControlBoard.uvprojx
Project File Date:  06/14/2025

<h2>Output:</h2>
*** Using Compiler 'V5.06 update 6 (build 750)', folder: 'D:\Keil_v5\ARM\ARMCC\Bin'
Build target 'MainControlBoard'
assembling startup_stm32l151xc.s...
compiling usart.c...
compiling stm32l1xx_hal_msp.c...
compiling gpio.c...
compiling stm32l1xx_hal_flash.c...
compiling main.c...
compiling i2c.c...
compiling stm32l1xx_hal_rcc_ex.c...
compiling spi.c...
compiling stm32l1xx_hal.c...
compiling tim.c...
compiling stm32l1xx_it.c...
compiling stm32l1xx_hal_rcc.c...
compiling stm32l1xx_hal_flash_ex.c...
compiling stm32l1xx_hal_i2c.c...
compiling stm32l1xx_hal_flash_ramfunc.c...
compiling stm32l1xx_hal_gpio.c...
compiling stm32l1xx_hal_pwr.c...
compiling stm32l1xx_hal_dma.c...
compiling stm32l1xx_hal_pwr_ex.c...
compiling stm32l1xx_hal_cortex.c...
compiling stm32l1xx_hal_exti.c...
compiling stm32l1xx_hal_tim_ex.c...
compiling system_stm32l1xx.c...
compiling stm32l1xx_hal_uart.c...
compiling stm32l1xx_hal_spi.c...
compiling stm32l1xx_hal_tim.c...
linking...
Program Size: Code=6970 RO-data=358 RW-data=16 ZI-data=1480  
FromELF: creating hex file...
"MainControlBoard\MainControlBoard.axf" - 0 Error(s), 0 Warning(s).

<h2>Software Packages used:</h2>

Package Vendor: ARM
                https://www.keil.com/pack/ARM.CMSIS.6.1.0.pack
                ARM.CMSIS.6.1.0
                CMSIS (Common Microcontroller Software Interface Standard)
   * Component: CORE Version: 6.1.0

Package Vendor: Keil
                https://www.keil.com/pack/Keil.STM32L1xx_DFP.2.0.0.pack
                Keil.STM32L1xx_DFP.2.0.0
                STMicroelectronics STM32L1 Series Device Support

<h2>Collection of Component include folders:</h2>
  ./RTE/_MainControlBoard
  C:/Users/win11/AppData/Local/Arm/Packs/ARM/CMSIS/6.1.0/CMSIS/Core/Include

<h2>Collection of Component Files used:</h2>

   * Component: ARM::CMSIS:CORE:6.1.0
      Include file:  CMSIS/Core/Include/tz_context.h
Build Time Elapsed:  00:00:06
</pre>
</body>
</html>
